// Jest Snapshot v1, https://goo.gl/fbAQLP

exports[`Track component renders correctly 1`] = `
<div
  className="track"
>
  <button
    className="track__button track__button--play"
    type="button"
  />
  <div
    className="track__status"
  >
    <audio />
  </div>
  <div
    className="game__answer"
  >
    <input
      checked={false}
      className="game__input visually-hidden"
      id="answer-0"
      name="answer"
      onChange={[Function]}
      type="checkbox"
    />
    <label
      className="game__check"
      htmlFor="answer-0"
    >
      Отметить
    </label>
  </div>
</div>
`;
